new g_Object[4];
new g_Vehicle[14];
g_Object[0] = CreateObject(18849, -781.8350, 2405.5634, 163.2473, 0.0000, 0.0000, 0.0000); //
g_Object[1] = CreateObject(2977, -392.0947, 2217.5556, 41.3478, 0.0000, 0.0000, 13.6999); //kmilitary_crate
g_Object[2] = CreateObject(1550, 0.0000, 0.0000, 0.0000, 0.0000, 0.0000, 0.0000); //
g_Object[3] = CreateObject(2977, -745.2821, 2351.8818, 123.8815, 0.0000, -11.0000, -4.5000); //kmilitary_crate
g_Vehicle[0] = CreateVehicle(470, 141.5116, 1925.4202, 19.1183, 87.3809, 0, 0, -1); //
ChangeVehiclePaintjob(g_Vehicle[0], 0);
ChangeVehiclePaintjob(g_Vehicle[0], 0);
ChangeVehiclePaintjob(g_Vehicle[0], 0);
ChangeVehiclePaintjob(g_Vehicle[0], 0);
ChangeVehiclePaintjob(g_Vehicle[0], 0);
ChangeVehiclePaintjob(g_Vehicle[0], 0);
ChangeVehiclePaintjob(g_Vehicle[0], 0);
ChangeVehiclePaintjob(g_Vehicle[0], 0);
ChangeVehiclePaintjob(g_Vehicle[0], 0);
ChangeVehiclePaintjob(g_Vehicle[0], 0);
ChangeVehiclePaintjob(g_Vehicle[0], 0);
ChangeVehiclePaintjob(g_Vehicle[0], 0);
ChangeVehiclePaintjob(g_Vehicle[0], 0);
ChangeVehiclePaintjob(g_Vehicle[0], 0);
g_Vehicle[1] = CreateVehicle(470, 133.5004, 1925.4997, 19.1778, 90.5459, 0, 0, -1); //
ChangeVehiclePaintjob(g_Vehicle[1], 0);
ChangeVehiclePaintjob(g_Vehicle[1], 0);
ChangeVehiclePaintjob(g_Vehicle[1], 0);
ChangeVehiclePaintjob(g_Vehicle[1], 0);
ChangeVehiclePaintjob(g_Vehicle[1], 0);
ChangeVehiclePaintjob(g_Vehicle[1], 0);
ChangeVehiclePaintjob(g_Vehicle[1], 0);
ChangeVehiclePaintjob(g_Vehicle[1], 0);
ChangeVehiclePaintjob(g_Vehicle[1], 0);
ChangeVehiclePaintjob(g_Vehicle[1], 0);
ChangeVehiclePaintjob(g_Vehicle[1], 0);
ChangeVehiclePaintjob(g_Vehicle[1], 0);
ChangeVehiclePaintjob(g_Vehicle[1], 0);
ChangeVehiclePaintjob(g_Vehicle[1], 0);
g_Vehicle[2] = CreateVehicle(470, 125.0437, 1907.8033, 18.6035, 94.0379, 0, 0, -1); //
ChangeVehiclePaintjob(g_Vehicle[2], 0);
ChangeVehiclePaintjob(g_Vehicle[2], 0);
ChangeVehiclePaintjob(g_Vehicle[2], 0);
ChangeVehiclePaintjob(g_Vehicle[2], 0);
ChangeVehiclePaintjob(g_Vehicle[2], 0);
ChangeVehiclePaintjob(g_Vehicle[2], 0);
ChangeVehiclePaintjob(g_Vehicle[2], 0);
ChangeVehiclePaintjob(g_Vehicle[2], 0);
ChangeVehiclePaintjob(g_Vehicle[2], 0);
ChangeVehiclePaintjob(g_Vehicle[2], 0);
ChangeVehiclePaintjob(g_Vehicle[2], 0);
ChangeVehiclePaintjob(g_Vehicle[2], 0);
ChangeVehiclePaintjob(g_Vehicle[2], 0);
ChangeVehiclePaintjob(g_Vehicle[2], 0);
g_Vehicle[3] = CreateVehicle(470, 124.7781, 1900.3492, 18.4464, 90.0335, 0, 0, -1); //
ChangeVehiclePaintjob(g_Vehicle[3], 0);
ChangeVehiclePaintjob(g_Vehicle[3], 0);
ChangeVehiclePaintjob(g_Vehicle[3], 0);
ChangeVehiclePaintjob(g_Vehicle[3], 0);
ChangeVehiclePaintjob(g_Vehicle[3], 0);
ChangeVehiclePaintjob(g_Vehicle[3], 0);
ChangeVehiclePaintjob(g_Vehicle[3], 0);
ChangeVehiclePaintjob(g_Vehicle[3], 0);
ChangeVehiclePaintjob(g_Vehicle[3], 0);
ChangeVehiclePaintjob(g_Vehicle[3], 0);
ChangeVehiclePaintjob(g_Vehicle[3], 0);
ChangeVehiclePaintjob(g_Vehicle[3], 0);
ChangeVehiclePaintjob(g_Vehicle[3], 0);
ChangeVehiclePaintjob(g_Vehicle[3], 0);
g_Vehicle[4] = CreateVehicle(470, -482.8479, 2242.1645, 48.0667, 329.7957, 0, 0, -1); //
ChangeVehiclePaintjob(g_Vehicle[4], 0);
ChangeVehiclePaintjob(g_Vehicle[4], 0);
ChangeVehiclePaintjob(g_Vehicle[4], 0);
ChangeVehiclePaintjob(g_Vehicle[4], 0);
ChangeVehiclePaintjob(g_Vehicle[4], 0);
ChangeVehiclePaintjob(g_Vehicle[4], 0);
ChangeVehiclePaintjob(g_Vehicle[4], 0);
ChangeVehiclePaintjob(g_Vehicle[4], 0);
ChangeVehiclePaintjob(g_Vehicle[4], 0);
ChangeVehiclePaintjob(g_Vehicle[4], 0);
ChangeVehiclePaintjob(g_Vehicle[4], 0);
ChangeVehiclePaintjob(g_Vehicle[4], 0);
ChangeVehiclePaintjob(g_Vehicle[4], 0);
ChangeVehiclePaintjob(g_Vehicle[4], 0);
g_Vehicle[5] = CreateVehicle(470, -683.0770, 2449.9836, 116.2392, 329.7957, 0, 0, -1); //
ChangeVehiclePaintjob(g_Vehicle[5], 0);
ChangeVehiclePaintjob(g_Vehicle[5], 0);
ChangeVehiclePaintjob(g_Vehicle[5], 0);
ChangeVehiclePaintjob(g_Vehicle[5], 0);
ChangeVehiclePaintjob(g_Vehicle[5], 0);
ChangeVehiclePaintjob(g_Vehicle[5], 0);
ChangeVehiclePaintjob(g_Vehicle[5], 0);
ChangeVehiclePaintjob(g_Vehicle[5], 0);
ChangeVehiclePaintjob(g_Vehicle[5], 0);
ChangeVehiclePaintjob(g_Vehicle[5], 0);
ChangeVehiclePaintjob(g_Vehicle[5], 0);
ChangeVehiclePaintjob(g_Vehicle[5], 0);
ChangeVehiclePaintjob(g_Vehicle[5], 0);
ChangeVehiclePaintjob(g_Vehicle[5], 0);
g_Vehicle[6] = CreateVehicle(470, -1327.6494, 2683.4350, 50.0625, 288.2886, 0, 0, -1); //
ChangeVehiclePaintjob(g_Vehicle[6], 0);
ChangeVehiclePaintjob(g_Vehicle[6], 0);
ChangeVehiclePaintjob(g_Vehicle[6], 0);
ChangeVehiclePaintjob(g_Vehicle[6], 0);
ChangeVehiclePaintjob(g_Vehicle[6], 0);
ChangeVehiclePaintjob(g_Vehicle[6], 0);
ChangeVehiclePaintjob(g_Vehicle[6], 0);
ChangeVehiclePaintjob(g_Vehicle[6], 0);
ChangeVehiclePaintjob(g_Vehicle[6], 0);
ChangeVehiclePaintjob(g_Vehicle[6], 0);
ChangeVehiclePaintjob(g_Vehicle[6], 0);
ChangeVehiclePaintjob(g_Vehicle[6], 0);
ChangeVehiclePaintjob(g_Vehicle[6], 0);
ChangeVehiclePaintjob(g_Vehicle[6], 0);
g_Vehicle[7] = CreateVehicle(470, -1325.6549, 2677.0820, 50.0625, 288.7405, 0, 0, -1); //
ChangeVehiclePaintjob(g_Vehicle[7], 0);
ChangeVehiclePaintjob(g_Vehicle[7], 0);
ChangeVehiclePaintjob(g_Vehicle[7], 0);
ChangeVehiclePaintjob(g_Vehicle[7], 0);
ChangeVehiclePaintjob(g_Vehicle[7], 0);
ChangeVehiclePaintjob(g_Vehicle[7], 0);
ChangeVehiclePaintjob(g_Vehicle[7], 0);
ChangeVehiclePaintjob(g_Vehicle[7], 0);
ChangeVehiclePaintjob(g_Vehicle[7], 0);
ChangeVehiclePaintjob(g_Vehicle[7], 0);
ChangeVehiclePaintjob(g_Vehicle[7], 0);
ChangeVehiclePaintjob(g_Vehicle[7], 0);
ChangeVehiclePaintjob(g_Vehicle[7], 0);
ChangeVehiclePaintjob(g_Vehicle[7], 0);
g_Vehicle[8] = CreateVehicle(470, -1296.2375, 2704.7768, 50.0625, 212.1776, 0, 0, -1); //
ChangeVehiclePaintjob(g_Vehicle[8], 0);
ChangeVehiclePaintjob(g_Vehicle[8], 0);
ChangeVehiclePaintjob(g_Vehicle[8], 0);
ChangeVehiclePaintjob(g_Vehicle[8], 0);
ChangeVehiclePaintjob(g_Vehicle[8], 0);
ChangeVehiclePaintjob(g_Vehicle[8], 0);
ChangeVehiclePaintjob(g_Vehicle[8], 0);
ChangeVehiclePaintjob(g_Vehicle[8], 0);
ChangeVehiclePaintjob(g_Vehicle[8], 0);
ChangeVehiclePaintjob(g_Vehicle[8], 0);
ChangeVehiclePaintjob(g_Vehicle[8], 0);
ChangeVehiclePaintjob(g_Vehicle[8], 0);
ChangeVehiclePaintjob(g_Vehicle[8], 0);
ChangeVehiclePaintjob(g_Vehicle[8], 0);
g_Vehicle[9] = CreateVehicle(470, -1274.3460, 2706.5488, 50.0625, 209.4664, 0, 0, -1); //
ChangeVehiclePaintjob(g_Vehicle[9], 0);
ChangeVehiclePaintjob(g_Vehicle[9], 0);
ChangeVehiclePaintjob(g_Vehicle[9], 0);
ChangeVehiclePaintjob(g_Vehicle[9], 0);
ChangeVehiclePaintjob(g_Vehicle[9], 0);
ChangeVehiclePaintjob(g_Vehicle[9], 0);
ChangeVehiclePaintjob(g_Vehicle[9], 0);
ChangeVehiclePaintjob(g_Vehicle[9], 0);
ChangeVehiclePaintjob(g_Vehicle[9], 0);
ChangeVehiclePaintjob(g_Vehicle[9], 0);
ChangeVehiclePaintjob(g_Vehicle[9], 0);
ChangeVehiclePaintjob(g_Vehicle[9], 0);
ChangeVehiclePaintjob(g_Vehicle[9], 0);
ChangeVehiclePaintjob(g_Vehicle[9], 0);
g_Vehicle[10] = CreateVehicle(470, -1268.5688, 2709.3759, 50.0702, 211.5561, 0, 0, -1); //
ChangeVehiclePaintjob(g_Vehicle[10], 0);
ChangeVehiclePaintjob(g_Vehicle[10], 0);
ChangeVehiclePaintjob(g_Vehicle[10], 0);
ChangeVehiclePaintjob(g_Vehicle[10], 0);
ChangeVehiclePaintjob(g_Vehicle[10], 0);
ChangeVehiclePaintjob(g_Vehicle[10], 0);
ChangeVehiclePaintjob(g_Vehicle[10], 0);
ChangeVehiclePaintjob(g_Vehicle[10], 0);
ChangeVehiclePaintjob(g_Vehicle[10], 0);
ChangeVehiclePaintjob(g_Vehicle[10], 0);
ChangeVehiclePaintjob(g_Vehicle[10], 0);
ChangeVehiclePaintjob(g_Vehicle[10], 0);
ChangeVehiclePaintjob(g_Vehicle[10], 0);
ChangeVehiclePaintjob(g_Vehicle[10], 0);
g_Vehicle[11] = CreateVehicle(433, -1324.3068, 2698.2851, 50.0625, 293.0064, 0, 0, -1); //
ChangeVehiclePaintjob(g_Vehicle[11], 0);
ChangeVehiclePaintjob(g_Vehicle[11], 0);
ChangeVehiclePaintjob(g_Vehicle[11], 0);
ChangeVehiclePaintjob(g_Vehicle[11], 0);
ChangeVehiclePaintjob(g_Vehicle[11], 0);
ChangeVehiclePaintjob(g_Vehicle[11], 0);
ChangeVehiclePaintjob(g_Vehicle[11], 0);
ChangeVehiclePaintjob(g_Vehicle[11], 0);
ChangeVehiclePaintjob(g_Vehicle[11], 0);
ChangeVehiclePaintjob(g_Vehicle[11], 0);
ChangeVehiclePaintjob(g_Vehicle[11], 0);
ChangeVehiclePaintjob(g_Vehicle[11], 0);
ChangeVehiclePaintjob(g_Vehicle[11], 0);
ChangeVehiclePaintjob(g_Vehicle[11], 0);
g_Vehicle[12] = CreateVehicle(487, -1337.6374, 2671.3457, 50.0625, 20.7583, 0, 0, -1); //
ChangeVehiclePaintjob(g_Vehicle[12], 0);
ChangeVehiclePaintjob(g_Vehicle[12], 0);
ChangeVehiclePaintjob(g_Vehicle[12], 0);
ChangeVehiclePaintjob(g_Vehicle[12], 0);
ChangeVehiclePaintjob(g_Vehicle[12], 0);
ChangeVehiclePaintjob(g_Vehicle[12], 0);
ChangeVehiclePaintjob(g_Vehicle[12], 0);
ChangeVehiclePaintjob(g_Vehicle[12], 0);
ChangeVehiclePaintjob(g_Vehicle[12], 0);
ChangeVehiclePaintjob(g_Vehicle[12], 0);
ChangeVehiclePaintjob(g_Vehicle[12], 0);
ChangeVehiclePaintjob(g_Vehicle[12], 0);
ChangeVehiclePaintjob(g_Vehicle[12], 0);
ChangeVehiclePaintjob(g_Vehicle[12], 0);
g_Vehicle[13] = CreateVehicle(487, -754.1224, 2316.0300, 132.0217, 69.4147, 0, 0, -1); //
ChangeVehiclePaintjob(g_Vehicle[13], 0);
ChangeVehiclePaintjob(g_Vehicle[13], 0);
ChangeVehiclePaintjob(g_Vehicle[13], 0);
ChangeVehiclePaintjob(g_Vehicle[13], 0);
ChangeVehiclePaintjob(g_Vehicle[13], 0);
ChangeVehiclePaintjob(g_Vehicle[13], 0);
ChangeVehiclePaintjob(g_Vehicle[13], 0);
ChangeVehiclePaintjob(g_Vehicle[13], 0);
ChangeVehiclePaintjob(g_Vehicle[13], 0);
ChangeVehiclePaintjob(g_Vehicle[13], 0);
ChangeVehiclePaintjob(g_Vehicle[13], 0);
ChangeVehiclePaintjob(g_Vehicle[13], 0);
ChangeVehiclePaintjob(g_Vehicle[13], 0);
ChangeVehiclePaintjob(g_Vehicle[13], 0);
